// Jest Snapshot v1, https://goo.gl/fbAQLP

exports[` 1`] = `
<div
  className="container"
>
  <div
    className="main main__background"
  >
    <div
      className="main-content"
    >
      <div
        className="col hero hero-intro"
      >
        <h3
          className="title title__large hero-text hero-text__title"
        >
          Listen to a variety of radio stations all over the world
        </h3>
        <p
          className="hero-text hero-text__intro"
        >
          The easiest way to understand the culture of a country is to listen to their most popular radio station. There is a lot of information that is being shared on radio; news, music, way of living, politics, etc. Radio.radio is allowing you to experience and understand different cultures
        </p>
        <Link
          className="btn btn-hero hero-btn"
          to="/discover"
        >
          Discover
        </Link>
      </div>
      <div
        className="col hero-toplist"
      >
        <div
          className="row dv-center"
        >
          <Disc
            className="col"
          />
          <h4
            className="title title__small col"
          >
            Most listened Stations
          </h4>
        </div>
        <div
          className="mostlistened"
        >
          <iframe
            key="0"
            scrolling="no"
            src="https://tunein.com/embed/player/s29720/"
            style={
              Object {
                "height": "100px",
                "width": "100%",
              }
            }
            title="home radio 0"
          />
          <iframe
            key="2"
            scrolling="no"
            src="https://tunein.com/embed/player/s29722/"
            style={
              Object {
                "height": "100px",
                "width": "100%",
              }
            }
            title="home radio 2"
          />
          <iframe
            key="6"
            scrolling="no"
            src="https://tunein.com/embed/player/s29726/"
            style={
              Object {
                "height": "100px",
                "width": "100%",
              }
            }
            title="home radio 6"
          />
          <iframe
            key="8"
            scrolling="no"
            src="https://tunein.com/embed/player/s29728/"
            style={
              Object {
                "height": "100px",
                "width": "100%",
              }
            }
            title="home radio 8"
          />
        </div>
      </div>
    </div>
  </div>
</div>
`;
